// Jest Snapshot v1, https://goo.gl/fbAQLP

exports[`should render ExpenseListItem with test expense date 1`] = `
<Link
  className="list-item"
  replace={false}
  to="/edit/undefined"
>
  <div>
    <h3
      className="list-item__title"
    >
       
       
    </h3>
    <span
      className="list-item__subtitle"
    >
      Jan 1st 1970
    </span>
  </div>
  <h3
    className="list-item__data"
  >
    $0.00
  </h3>
</Link>
`;
